require('common');

local settings = T{ };
settings["i"] = T{ };
settings["i"][1] = T{ };
settings["i"][2] = T{ };
settings["i"][3] = T{ };
settings["i"][4] = T{ };
settings["i"][5] = T{ };
settings["i"][6] = T{ };
settings["i"][7] = T{ };
settings["i"][8] = T{ };
settings["i"][9] = T{ };
settings["i"][10] = T{ };
settings["i"][11] = T{ };
settings["i"][12] = T{ };
settings["i"][13] = T{ };
settings["k"] = T{ };
settings["i"][1][1] = 1179;
settings["i"][1][2] = "Shihei";
settings["i"][2][1] = 1182;
settings["i"][2][2] = "Jusatsu";
settings["i"][3][1] = 1185;
settings["i"][3][2] = "Kaginawa";
settings["i"][4][1] = 1188;
settings["i"][4][2] = "Sairui-Ran";
settings["i"][5][1] = 1191;
settings["i"][5][2] = "Kodoku";
settings["i"][6][1] = 1161;
settings["i"][6][2] = "Uchitake";
settings["i"][7][1] = 1164;
settings["i"][7][2] = "Tsurara";
settings["i"][8][1] = 1167;
settings["i"][8][2] = "Kawahori-Ogi";
settings["i"][9][1] = 1170;
settings["i"][9][2] = "Makibishi";
settings["i"][10][1] = 1173;
settings["i"][10][2] = "Hiraishin";
settings["i"][11][1] = 1176;
settings["i"][11][2] = "Mizu-Deppo";
settings["i"][12][1] = 1194;
settings["i"][12][2] = "Shinobi-Tabi";
settings["i"][13][1] = 2553;
settings["i"][13][2] = "Sanjaku-Tenugui";

return settings;
